Running STS benchmark analysis...
python gather_sts_results.py
Gathering STS benchmark results...
Found 57 JSON result files in total
Successfully processed 22 STS benchmark files
Detailed results saved to: /usr/project/xtmp/yd211/Documents/IntelleGENeol/sts_results_detailed.csv
Summary results saved to: /usr/project/xtmp/yd211/Documents/IntelleGENeol/sts_results_summary.csv
Spearman results saved to: /usr/project/xtmp/yd211/Documents/IntelleGENeol/sts_results_spearman.csv
Combined results saved to: /usr/project/xtmp/yd211/Documents/IntelleGENeol/sts_results_combined.csv

Top 5 configurations by average STS score:
Traceback (most recent call last):
  File "/usr/project/xtmp/yd211/Documents/IntelleGENeol/gather_sts_results.py", line 495, in <module>
    main() 
    ^^^^^^
  File "/usr/project/xtmp/yd211/Documents/IntelleGENeol/gather_sts_results.py", line 487, in main
    print(top5[['AVG_STS', 'experiment', 'method', 'gen_model', 'embedding_model', 'k_value']])
          ~~~~^^^^^^^^^^^^^^^^^^^^^^^^^^^^^^^^^^^^^^^^^^^^^^^^^^^^^^^^^^^^^^^^^^^^^^^^^^^^^^^^
  File "/home/users/yd211/anaconda3/lib/python3.12/site-packages/pandas/core/frame.py", line 4108, in __getitem__
    indexer = self.columns._get_indexer_strict(key, "columns")[1]
              ^^^^^^^^^^^^^^^^^^^^^^^^^^^^^^^^^^^^^^^^^^^^^^^^
  File "/home/users/yd211/anaconda3/lib/python3.12/site-packages/pandas/core/indexes/base.py", line 6200, in _get_indexer_strict
    self._raise_if_missing(keyarr, indexer, axis_name)
  File "/home/users/yd211/anaconda3/lib/python3.12/site-packages/pandas/core/indexes/base.py", line 6252, in _raise_if_missing
    raise KeyError(f"{not_found} not in index")
KeyError: "['experiment', 'method', 'gen_model', 'embedding_model', 'k_value'] not in index"

===== STS Benchmark Analysis Results =====
Detailed CSV: /usr/project/xtmp/yd211/Documents/IntelleGENeol/sts_results_detailed.csv
Summary CSV: /usr/project/xtmp/yd211/Documents/IntelleGENeol/sts_results_summary.csv
Spearman CSV: /usr/project/xtmp/yd211/Documents/IntelleGENeol/sts_results_spearman.csv
Combined CSV: /usr/project/xtmp/yd211/Documents/IntelleGENeol/sts_results_combined.csv

To view results in Excel or similar tool, copy the CSV files to your local machine.
===== Analysis Complete =====
